Microchip MPLAB XC8 Compiler V1.33 ()

Linker command line:

--edf=C:\Program Files\Microchip\xc8\v1.33\dat\en_msgs.txt -cs \
  -h+dist/default/production\MPLABX.X.production.sym \
  --cmf=dist/default/production\MPLABX.X.production.cmf -z -Q18F4520 \
  -oC:\DOCUME~1\D300-01\LOCALS~1\Temp\s5i4.6 \
  -Mdist/default/production/MPLABX.X.production.map -E1 -ver=XC8 \
  -ASTACK=080h-05ffh -pstack=STACK -ACODE=00h-07FFFh -ACONST=00h-07FFFh \
  -ASMALLCONST=0600h-06FFhx122 -AMEDIUMCONST=0600h-07FFFh -ACOMRAM=01h-07Fh \
  -AABS1=00h-05FFh -ABIGRAM=01h-05FFh -ARAM=080h-0FFh,0100h-01FFhx5 \
  -ABANK0=080h-0FFh -ABANK1=0100h-01FFh -ABANK2=0200h-02FFh \
  -ABANK3=0300h-03FFh -ABANK4=0400h-04FFh -ABANK5=0500h-05FFh \
  -ASFR=0F80h-0FFFh \
  -preset_vec=00h,intcode=08h,intcodelo,powerup,init,end_init \
  -pramtop=0600h -psmallconst=SMALLCONST -pmediumconst=MEDIUMCONST \
  -pconst=CONST -AFARRAM=00h-00h -ACONFIG=0300000h-030000Dh -pconfig=CONFIG \
  -AIDLOC=0200000h-0200007h -pidloc=IDLOC -AEEDATA=0F00000h-0F000FFh \
  -peeprom_data=EEDATA \
  -prdata=COMRAM,nvrram=COMRAM,nvbit=COMRAM,rbss=COMRAM,rbit=COMRAM \
  -pfarbss=FARRAM,fardata=FARRAM,nvFARRAM=FARRAM \
  -pintsave_regs=BIGRAM,bigbss=BIGRAM,bigdata=BIGRAM -pbss=RAM \
  -pidata=CODE,irdata=CODE,ibigdata=CODE,ifardata=CODE \
  C:\DOCUME~1\D300-01\LOCALS~1\Temp\s5i4.obj \
  dist/default/production\MPLABX.X.production.obj 

Object code version is 3.11

Machine type is 18F4520

Call graph: (short form)




                Name                               Link     Load   Length Selector   Space Scale
C:\DOCUME~1\D300-01\LOCALS~1\Temp\s5i4.obj
                end_init                             18       18        4        4       0
                reset_vec                             0        0        4        0       0
                idloc                            200000   200000        8   200000       0
                config                           300000   300000        E   300000       0
dist/default/production\MPLABX.X.production.obj
                intcode                               8        8       10        4       0
                text21                              646      646        4        4       0
                intcode_body                        2C8      2C8       82        4       0
                text19                              34A      34A       68        4       0
                text18                              60A      60A       12        4       0
                text17                              476      476       5A        4       0
                text16                              5E4      5E4       14        4       0
                text15                              5CC      5CC       18        4       0
                text14                              5B2      5B2       1A        4       0
                text13                               1C       1C      170        4       0
                text12                              62C      62C        E        4       0
                text11                              642      642        4        4       0
                text10                              506      506       36        4       0
                text9                               53C      53C       20        4       0
                text8                               598      598       1A        4       0
                text7                               57A      57A       1E        4       0
                text6                               63E      63E        4        4       0
                text5                               63A      63A        4        4       0
                text4                               18C      18C      13C        4       0
                text3                               55C      55C       1E        4       0
                text2                               5F8      5F8       12        4       0
                text1                               414      414       62        4       0
                text0                               3B2      3B2       62        4       0
                cstackCOMRAM                          1        1       35        1       1
                dataCOMRAM                           63       63       10        1       1
                bssCOMRAM                            36       36       2D        1       1
                cinit                               4D0      4D0       36        4       0
                idataCOMRAM                         61C      61C       10        4       0

TOTAL           Name                               Link     Load   Length     Space
        CLASS   STACK          

        CLASS   CODE           
                end_init                             18       18        4         0
                intcode                               8        8       10         0
                reset_vec                             0        0        4         0
                text21                              646      646        4         0
                intcode_body                        2C8      2C8       82         0
                text19                              34A      34A       68         0
                text18                              60A      60A       12         0
                text17                              476      476       5A         0
                text16                              5E4      5E4       14         0
                text15                              5CC      5CC       18         0
                text14                              5B2      5B2       1A         0
                text13                               1C       1C      170         0
                text12                              62C      62C        E         0
                text11                              642      642        4         0
                text10                              506      506       36         0
                text9                               53C      53C       20         0
                text8                               598      598       1A         0
                text7                               57A      57A       1E         0
                text6                               63E      63E        4         0
                text5                               63A      63A        4         0
                text4                               18C      18C      13C         0
                text3                               55C      55C       1E         0
                text2                               5F8      5F8       12         0
                text1                               414      414       62         0
                text0                               3B2      3B2       62         0
                cinit                               4D0      4D0       36         0
                idataCOMRAM                         61C      61C       10         0

        CLASS   CONST          

        CLASS   SMALLCONST     

        CLASS   MEDIUMCONST    

        CLASS   COMRAM         
                cstackCOMRAM                          1        1       35         1
                dataCOMRAM                           63       63       10         1
                bssCOMRAM                            36       36       2D         1

        CLASS   ABS1           

        CLASS   BIGRAM         

        CLASS   RAM            

        CLASS   BANK0          

        CLASS   BANK1          

        CLASS   BANK2          

        CLASS   BANK3          

        CLASS   BANK4          

        CLASS   BANK5          

        CLASS   SFR            

        CLASS   FARRAM         

        CLASS   CONFIG         
                config                           300000   300000        E         0

        CLASS   IDLOC          
                idloc                            200000   200000        8         0

        CLASS   EEDATA         



SEGMENTS        Name                           Load    Length   Top    Selector   Space  Class

                reset_vec                      000000  000004  000004         0       0  CODE    
                cstackCOMRAM                   000001  000072  000073         1       1  COMRAM  
                intcode                        000008  000642  00064A         4       0  CODE    
                idloc                          200000  000008  200008    200000       0  IDLOC   
                config                         300000  00000E  30000E    300000       0  CONFIG  


UNUSED ADDRESS RANGES

        Name                Unused          Largest block    Delta
        BANK0            000080-0000FF               80
        BANK1            000100-0001FF              100
        BANK2            000200-0002FF              100
        BANK3            000300-0003FF              100
        BANK4            000400-0004FF              100
        BANK5            000500-0005FF              100
        BIGRAM           000073-0005FF              58D
        CODE             000004-000007                4
                         00064A-007FFF             79B6
        COMRAM           000073-00007F                D
        CONST            000004-000007                4
                         00064A-007FFF             79B6
        EEDATA           F00000-F000FF              100
        MEDIUMCONST      00064A-007FFF             79B6
        RAM              000080-0005FF              100
        SFR              000F80-000FFF               80
        SMALLCONST       00064A-007FFF              100
        STACK            000080-0005FF              580

                                  Symbol Table

?_getCLOCK                      cstackCOMRAM 00000F
OpenSPI@bus_mode                cstackCOMRAM 00000F
OpenSPI@smp_phase               cstackCOMRAM 000010
OpenSPI@sync_mode               cstackCOMRAM 000011
OpenTimer0@config               cstackCOMRAM 00000F
OpenUSART@config                cstackCOMRAM 000014
OpenUSART@spbrg                 cstackCOMRAM 00000F
ReadUSART@data                  cstackCOMRAM 00000F
WriteSPI@TempVar                cstackCOMRAM 00000F
WriteSPI@data_out               cstackCOMRAM 000010
WriteUSART@data                 cstackCOMRAM 00000F
_INTCONbits                     (abs)        000FF2
_OSCCONbits                     (abs)        000FD3
_OpenSPI                        text17       000476
_OpenTimer0                     text9        00053C
_OpenUSART                      text19       00034A
_PIE1                           (abs)        000F9D
_PIE1bits                       (abs)        000F9D
_PIR1bits                       (abs)        000F9E
_PORTCbits                      (abs)        000F82
_PORTDbits                      (abs)        000F83
_RCREG                          (abs)        000FAE
_RCSTA                          (abs)        000FAB
_RCSTAbits                      (abs)        000FAB
_ReadUSART                      text3        00055C
_SPBRG                          (abs)        000FAF
_SPBRGH                         (abs)        000FB0
_SSPBUF                         (abs)        000FC9
_SSPCON1                        (abs)        000FC6
_SSPCON1bits                    (abs)        000FC6
_SSPSTAT                        (abs)        000FC7
_SSPSTATbits                    (abs)        000FC7
_T0CON                          (abs)        000FD5
_T0CONbits                      (abs)        000FD5
_TMR0H                          (abs)        000FD7
_TMR0L                          (abs)        000FD6
_TOSHi                          bssCOMRAM    00003C
_TOSLo                          bssCOMRAM    00003D
_TRISAbits                      (abs)        000F92
_TRISCbits                      (abs)        000F94
_TRISDbits                      (abs)        000F95
_TXREG                          (abs)        000FAD
_TXSTA                          (abs)        000FAC
_TXSTAbits                      (abs)        000FAC
_USART_Status                   bssCOMRAM    00003E
_WriteSPI                       text15       0005CC
_WriteUSART                     text2        0005F8
__7SegmentSM                    text13       00001C
__7SegmentSM@_7seg              cstackCOMRAM 000013
__CFG_DEBUG$ON                  (abs)        000000
__CFG_LVP$OFF                   (abs)        000000
__CFG_OSC$INTIO67               (abs)        000000
__CFG_PWRT$ON                   (abs)        000000
__CFG_WDT$OFF                   (abs)        000000
__HRAM                          (abs)        000000
__Habs1                         abs1         000000
__Hbank0                        bank0        000000
__Hbank1                        bank1        000000
__Hbank2                        bank2        000000
__Hbank3                        bank3        000000
__Hbank4                        bank4        000000
__Hbank5                        bank5        000000
__Hbigbss                       bigbss       000000
__Hbigdata                      bigdata      000000
__Hbigram                       bigram       000000
__Hbss                          bss          000000
__HbssCOMRAM                    bssCOMRAM    000000
__Hcinit                        cinit        000000
__Hclrtext                      clrtext      000000
__Hcomram                       comram       000000
__Hconfig                       config       30000E
__Hconst                        const        000000
__HcstackCOMRAM                 cstackCOMRAM 000000
__Hdata                         data         000000
__HdataCOMRAM                   dataCOMRAM   000000
__Heeprom_data                  eeprom_data  000000
__Hend_init                     end_init     00001C
__Hfarbss                       farbss       000000
__Hfardata                      fardata      000000
__Hibigdata                     ibigdata     000000
__Hidata                        idata        000000
__HidataCOMRAM                  idataCOMRAM  000000
__Hidloc                        idloc        200008
__Hifardata                     ifardata     000000
__Hinit                         init         000018
__Hintcode                      intcode      000018
__Hintcode_body                 intcode_body 000000
__Hintcodelo                    intcodelo    000018
__Hintentry                     intentry     000000
__Hintret                       intret       000000
__Hintsave_regs                 intsave_regs 000000
__Hirdata                       irdata       000000
__Hmediumconst                  mediumconst  000000
__HnvFARRAM                     nvFARRAM     000000
__Hnvbit                        nvbit        000000
__Hnvrram                       nvrram       000000
__Hparam                        rparam       000000
__Hpowerup                      powerup      000018
__Hram                          ram          000000
__Hramtop                       ramtop       000600
__Hrbit                         rbit         000000
__Hrbss                         rbss         000000
__Hrdata                        rdata        000000
__Hreset_vec                    reset_vec    000004
__Hrparam                       rparam       000000
__Hsfr                          sfr          000000
__Hsmallconst                   smallconst   000000
__Hspace_0                      (abs)        30000E
__Hspace_1                      (abs)        000073
__Hspace_2                      (abs)        000000
__Hstack                        stack        000000
__Hstruct                       struct       000000
__Htemp                         temp         000000
__Htext                         text         000000
__Htext0                        text0        000000
__Htext1                        text1        000000
__Htext10                       text10       000000
__Htext11                       text11       000000
__Htext12                       text12       000000
__Htext13                       text13       000000
__Htext14                       text14       000000
__Htext15                       text15       000000
__Htext16                       text16       000000
__Htext17                       text17       000000
__Htext18                       text18       000000
__Htext19                       text19       000000
__Htext2                        text2        000000
__Htext21                       text21       000000
__Htext3                        text3        000000
__Htext4                        text4        000000
__Htext5                        text5        000000
__Htext6                        text6        000000
__Htext7                        text7        000000
__Htext8                        text8        000000
__Htext9                        text9        000000
__LRAM                          (abs)        000001
__Labs1                         abs1         000000
__Lbank0                        bank0        000000
__Lbank1                        bank1        000000
__Lbank2                        bank2        000000
__Lbank3                        bank3        000000
__Lbank4                        bank4        000000
__Lbank5                        bank5        000000
__Lbigbss                       bigbss       000000
__Lbigdata                      bigdata      000000
__Lbigram                       bigram       000000
__Lbss                          bss          000000
__LbssCOMRAM                    bssCOMRAM    000000
__Lcinit                        cinit        000000
__Lclrtext                      clrtext      000000
__Lcomram                       comram       000000
__Lconfig                       config       300000
__Lconst                        const        000000
__LcstackCOMRAM                 cstackCOMRAM 000000
__Ldata                         data         000000
__LdataCOMRAM                   dataCOMRAM   000000
__Leeprom_data                  eeprom_data  000000
__Lend_init                     end_init     000018
__Lfarbss                       farbss       000000
__Lfardata                      fardata      000000
__Libigdata                     ibigdata     000000
__Lidata                        idata        000000
__LidataCOMRAM                  idataCOMRAM  000000
__Lidloc                        idloc        200000
__Lifardata                     ifardata     000000
__Linit                         init         000018
__Lintcode                      intcode      000008
__Lintcode_body                 intcode_body 000000
__Lintcodelo                    intcodelo    000018
__Lintentry                     intentry     000000
__Lintret                       intret       000000
__Lintsave_regs                 intsave_regs 000000
__Lirdata                       irdata       000000
__Lmediumconst                  mediumconst  000000
__LnvFARRAM                     nvFARRAM     000000
__Lnvbit                        nvbit        000000
__Lnvrram                       nvrram       000000
__Lparam                        rparam       000000
__Lpowerup                      powerup      000018
__Lram                          ram          000000
__Lramtop                       ramtop       000600
__Lrbit                         rbit         000000
__Lrbss                         rbss         000000
__Lrdata                        rdata        000000
__Lreset_vec                    reset_vec    000000
__Lrparam                       rparam       000000
__Lsfr                          sfr          000000
__Lsmallconst                   smallconst   000000
__Lspace_0                      (abs)        000000
__Lspace_1                      (abs)        000000
__Lspace_2                      (abs)        000000
__Lstack                        stack        000000
__Lstruct                       struct       000000
__Ltemp                         temp         000000
__Ltext                         text         000000
__Ltext0                        text0        000000
__Ltext1                        text1        000000
__Ltext10                       text10       000000
__Ltext11                       text11       000000
__Ltext12                       text12       000000
__Ltext13                       text13       000000
__Ltext14                       text14       000000
__Ltext15                       text15       000000
__Ltext16                       text16       000000
__Ltext17                       text17       000000
__Ltext18                       text18       000000
__Ltext19                       text19       000000
__Ltext2                        text2        000000
__Ltext21                       text21       000000
__Ltext3                        text3        000000
__Ltext4                        text4        000000
__Ltext5                        text5        000000
__Ltext6                        text6        000000
__Ltext7                        text7        000000
__Ltext8                        text8        000000
__Ltext9                        text9        000000
__S0                            (abs)        30000E
__S1                            (abs)        000073
__S2                            (abs)        000000
___inthi_sp                     stack        000000
___intlo_sp                     stack        000000
___sp                           stack        000000
__accesstop                     (abs)        000080
__activetblptr                  (abs)        000002
__end_of_OpenSPI                text17       0004D0
__end_of_OpenTimer0             text9        00055C
__end_of_OpenUSART              text19       0003B2
__end_of_ReadUSART              text3        00057A
__end_of_WriteSPI               text15       0005E4
__end_of_WriteUSART             text2        00060A
__end_of__7SegmentSM            text13       00018C
__end_of__initialization        cinit        0004FC
__end_of_clearTimer0Overflowed  text21       00064A
__end_of_closeModule            text12       00063A
__end_of_configureLED           text11       000646
__end_of_getCLOCK               text18       00061C
__end_of_init7Segment           text10       00053C
__end_of_init7SegmentHW         text16       0005F8
__end_of_initClock              text8        0005B2
__end_of_initUsartLoopback      text7        000598
__end_of_led2SM                 text4        0002C8
__end_of_main                   text0        000414
__end_of_offLED                 text6        000642
__end_of_onLED                  text5        00063E
__end_of_timer0Isr              intcode_body 00034A
__end_of_usartLoopbackSM        text1        000476
__end_of_write7Segment          text14       0005CC
__initialization                cinit        0004D0
__mediumconst                   mediumconst  000000
__pbssCOMRAM                    bssCOMRAM    000036
__pcinit                        cinit        0004D0
__pcstackCOMRAM                 cstackCOMRAM 000001
__pdataCOMRAM                   dataCOMRAM   000063
__pidataCOMRAM                  idataCOMRAM  00061C
__pintcode                      intcode      000008
__pintcode_body                 intcode_body 0002C8
__ptext0                        text0        0003B2
__ptext1                        text1        000414
__ptext10                       text10       000506
__ptext11                       text11       000642
__ptext12                       text12       00062C
__ptext13                       text13       00001C
__ptext14                       text14       0005B2
__ptext15                       text15       0005CC
__ptext16                       text16       0005E4
__ptext17                       text17       000476
__ptext18                       text18       00060A
__ptext19                       text19       00034A
__ptext2                        text2        0005F8
__ptext21                       text21       000646
__ptext3                        text3        00055C
__ptext4                        text4        00018C
__ptext5                        text5        00063A
__ptext6                        text6        00063E
__ptext7                        text7        00057A
__ptext8                        text8        000598
__ptext9                        text9        00053C
__ramtop                        ramtop       000600
__size_of_OpenSPI               (abs)        000000
__size_of_OpenTimer0            (abs)        000000
__size_of_OpenUSART             (abs)        000000
__size_of_ReadUSART             (abs)        000000
__size_of_WriteSPI              (abs)        000000
__size_of_WriteUSART            (abs)        000000
__size_of__7SegmentSM           (abs)        000000
__size_of_clearTimer0Overflowed (abs)        000000
__size_of_closeModule           (abs)        000000
__size_of_configureLED          (abs)        000000
__size_of_getCLOCK              (abs)        000000
__size_of_init7Segment          (abs)        000000
__size_of_init7SegmentHW        (abs)        000000
__size_of_initClock             (abs)        000000
__size_of_initUsartLoopback     (abs)        000000
__size_of_led2SM                (abs)        000000
__size_of_main                  (abs)        000000
__size_of_offLED                (abs)        000000
__size_of_onLED                 (abs)        000000
__size_of_timer0Isr             (abs)        000000
__size_of_usartLoopbackSM       (abs)        000000
__size_of_write7Segment         (abs)        000000
__smallconst                    smallconst   000000
_bankSelectReg                  bssCOMRAM    00003F
_clearTimer0Overflowed          text21       000646
_clock                          bssCOMRAM    000036
_closeModule                    text12       00062C
_configureLED                   text11       000642
_getCLOCK                       text18       00060A
_hexPattern                     dataCOMRAM   000063
_init7Segment                   text10       000506
_init7SegmentHW                 text16       0005E4
_initClock                      text8        000598
_initUsartLoopback              text7        00057A
_led2SM                         text4        00018C
_main                           text0        0003B2
_offLED                         text6        00063E
_onLED                          text5        00063A
_runningTCB                     bssCOMRAM    00003A
_statusReg                      bssCOMRAM    000040
_taskOne                        (abs)        000000
_taskTwo                        (abs)        000000
_tcb                            bssCOMRAM    000042
_timer0Isr                      intcode      000008
_usartLoopbackSM                text1        000414
_workingReg                     bssCOMRAM    000041
_write7Segment                  text14       0005B2
end_of_initialization           cinit        0004FC
init7Segment@_7seg              cstackCOMRAM 00000F
initUsartLoopback@data          cstackCOMRAM 00000F
int_func                        intcode_body 0002C8
intlevel0                       text         000000
intlevel1                       text         000000
intlevel2                       text         000000
intlevel3                       text         000000
led2SM@data                     cstackCOMRAM 000013
main@_7SegData                  cstackCOMRAM 00002F
main@led2Data                   cstackCOMRAM 000026
main@loopbackData               cstackCOMRAM 00002D
stackhi                         (abs)        0005FF
stacklo                         (abs)        000080
start                           init         000018
start_initialization            cinit        0004D0
usartLoopbackSM@data            cstackCOMRAM 000010
write7Segment@data              cstackCOMRAM 000011


FUNCTION INFORMATION:

 *************** function _main *****************
 Defined at:
		line 12 in file "../src/PIC18/Main.c"
 Parameters:    Size  Location     Type
  argc            2   32[COMRAM] int 
  argv            3   34[COMRAM] PTR PTR unsigned char 
 Auto vars:     Size  Location     Type
  _7SegData       7   46[COMRAM] struct .
  led2Data        7   37[COMRAM] struct Led2Data
  loopbackData    2   44[COMRAM] struct LoopbackData
 Return value:  Size  Location     Type
                  2   32[COMRAM] int 
 Registers used:
		wreg, fsr2l, fsr2h, status,2, status,0, prodl, prodh, cstack
 Tracked objects:
		On entry : 
		On exit  : 
		Unchanged: 
 Data sizes:     COMRAM   BANK0   BANK1   BANK2   BANK3   BANK4   BANK5
      Params:         5       0       0       0       0       0       0
      Locals:        16       0       0       0       0       0       0
      Temps:          0       0       0       0       0       0       0
      Totals:        21       0       0       0       0       0       0
Total ram usage:       21 bytes
 Hardware stack levels required when called:    5
 This function calls:
		_OpenUSART
		__7SegmentSM
		_closeModule
		_configureLED
		_init7Segment
		_initClock
		_initUsartLoopback
		_led2SM
		_usartLoopbackSM
 This function is called by:
		Startup code after reset
 This function uses a non-reentrant model


 *************** function _usartLoopbackSM *****************
 Defined at:
		line 11 in file "../src/PIC18/UsartLoopback.c"
 Parameters:    Size  Location     Type
  data            2   15[COMRAM] PTR struct LoopbackData
		 -> main@loopbackData(2), 
 Auto vars:     Size  Location     Type
		None
 Return value:  Size  Location     Type
		None               void
 Registers used:
		wreg, fsr2l, fsr2h, status,2, status,0, cstack
 Tracked objects:
		On entry : 
		On exit  : 
		Unchanged: 
 Data sizes:     COMRAM   BANK0   BANK1   BANK2   BANK3   BANK4   BANK5
      Params:         2       0       0       0       0       0       0
      Locals:         0       0       0       0       0       0       0
      Temps:          0       0       0       0       0       0       0
      Totals:         2       0       0       0       0       0       0
Total ram usage:        2 bytes
 Hardware stack levels used:    1
 Hardware stack levels required when called:    3
 This function calls:
		_ReadUSART
		_WriteUSART
 This function is called by:
		_main
 This function uses a non-reentrant model


 *************** function _WriteUSART *****************
 Defined at:
		line 13 in file "C:\Program Files\Microchip\xc8\v1.33\sources\pic18\plib\USART\uwrite.c"
 Parameters:    Size  Location     Type
  data            1    wreg     unsigned char 
 Auto vars:     Size  Location     Type
  data            1   14[COMRAM] unsigned char 
 Return value:  Size  Location     Type
		None               void
 Registers used:
		wreg
 Tracked objects:
		On entry : 
		On exit  : 
		Unchanged: 
 Data sizes:     COMRAM   BANK0   BANK1   BANK2   BANK3   BANK4   BANK5
      Params:         0       0       0       0       0       0       0
      Locals:         1       0       0       0       0       0       0
      Temps:          0       0       0       0       0       0       0
      Totals:         1       0       0       0       0       0       0
Total ram usage:        1 bytes
 Hardware stack levels used:    1
 Hardware stack levels required when called:    2
 This function calls:
		Nothing
 This function is called by:
		_usartLoopbackSM
		_usartLoopback
 This function uses a non-reentrant model


 *************** function _ReadUSART *****************
 Defined at:
		line 15 in file "C:\Program Files\Microchip\xc8\v1.33\sources\pic18\plib\USART\uread.c"
 Parameters:    Size  Location     Type
		None
 Auto vars:     Size  Location     Type
  data            1   14[COMRAM] unsigned char 
 Return value:  Size  Location     Type
                  1    wreg      unsigned char 
 Registers used:
		wreg, status,2, status,0
 Tracked objects:
		On entry : 
		On exit  : 
		Unchanged: 
 Data sizes:     COMRAM   BANK0   BANK1   BANK2   BANK3   BANK4   BANK5
      Params:         0       0       0       0       0       0       0
      Locals:         1       0       0       0       0       0       0
      Temps:          0       0       0       0       0       0       0
      Totals:         1       0       0       0       0       0       0
Total ram usage:        1 bytes
 Hardware stack levels used:    1
 Hardware stack levels required when called:    2
 This function calls:
		Nothing
 This function is called by:
		_usartLoopbackSM
		_usartLoopback
 This function uses a non-reentrant model


 *************** function _led2SM *****************
 Defined at:
		line 25 in file "../src/PIC18/Led2.c"
 Parameters:    Size  Location     Type
  data            2   18[COMRAM] PTR struct Led2Data
		 -> main@led2Data(7), 
 Auto vars:     Size  Location     Type
		None
 Return value:  Size  Location     Type
		None               void
 Registers used:
		wreg, fsr2l, fsr2h, status,2, status,0, cstack
 Tracked objects:
		On entry : 
		On exit  : 
		Unchanged: 
 Data sizes:     COMRAM   BANK0   BANK1   BANK2   BANK3   BANK4   BANK5
      Params:         2       0       0       0       0       0       0
      Locals:         0       0       0       0       0       0       0
      Temps:         12       0       0       0       0       0       0
      Totals:        14       0       0       0       0       0       0
Total ram usage:       14 bytes
 Hardware stack levels used:    1
 Hardware stack levels required when called:    3
 This function calls:
		_getCLOCK
		_offLED
		_onLED
 This function is called by:
		_main
 This function uses a non-reentrant model


 *************** function _onLED *****************
 Defined at:
		line 24 in file "../src/PIC18/Blinky.c"
 Parameters:    Size  Location     Type
		None
 Auto vars:     Size  Location     Type
		None
 Return value:  Size  Location     Type
		None               void
 Registers used:
		None
 Tracked objects:
		On entry : 
		On exit  : 
		Unchanged: 
 Data sizes:     COMRAM   BANK0   BANK1   BANK2   BANK3   BANK4   BANK5
      Params:         0       0       0       0       0       0       0
      Locals:         0       0       0       0       0       0       0
      Temps:          0       0       0       0       0       0       0
      Totals:         0       0       0       0       0       0       0
Total ram usage:        0 bytes
 Hardware stack levels used:    1
 Hardware stack levels required when called:    2
 This function calls:
		Nothing
 This function is called by:
		_led2SM
		_ledSM
 This function uses a non-reentrant model


 *************** function _offLED *****************
 Defined at:
		line 28 in file "../src/PIC18/Blinky.c"
 Parameters:    Size  Location     Type
		None
 Auto vars:     Size  Location     Type
		None
 Return value:  Size  Location     Type
		None               void
 Registers used:
		None
 Tracked objects:
		On entry : 
		On exit  : 
		Unchanged: 
 Data sizes:     COMRAM   BANK0   BANK1   BANK2   BANK3   BANK4   BANK5
      Params:         0       0       0       0       0       0       0
      Locals:         0       0       0       0       0       0       0
      Temps:          0       0       0       0       0       0       0
      Totals:         0       0       0       0       0       0       0
Total ram usage:        0 bytes
 Hardware stack levels used:    1
 Hardware stack levels required when called:    2
 This function calls:
		Nothing
 This function is called by:
		_led2SM
		_ledSM
 This function uses a non-reentrant model


 *************** function _initUsartLoopback *****************
 Defined at:
		line 6 in file "../src/PIC18/UsartLoopback.c"
 Parameters:    Size  Location     Type
  data            2   14[COMRAM] PTR struct LoopbackData
		 -> main@loopbackData(2), 
 Auto vars:     Size  Location     Type
		None
 Return value:  Size  Location     Type
		None               void
 Registers used:
		wreg, fsr2l, fsr2h, status,2, status,0
 Tracked objects:
		On entry : 
		On exit  : 
		Unchanged: 
 Data sizes:     COMRAM   BANK0   BANK1   BANK2   BANK3   BANK4   BANK5
      Params:         2       0       0       0       0       0       0
      Locals:         0       0       0       0       0       0       0
      Temps:          0       0       0       0       0       0       0
      Totals:         2       0       0       0       0       0       0
Total ram usage:        2 bytes
 Hardware stack levels used:    1
 Hardware stack levels required when called:    2
 This function calls:
		Nothing
 This function is called by:
		_main
 This function uses a non-reentrant model


 *************** function _initClock *****************
 Defined at:
		line 32 in file "../src/PIC18/Clock.c"
 Parameters:    Size  Location     Type
		None
 Auto vars:     Size  Location     Type
		None
 Return value:  Size  Location     Type
		None               void
 Registers used:
		wreg, status,2, status,0, cstack
 Tracked objects:
		On entry : 
		On exit  : 
		Unchanged: 
 Data sizes:     COMRAM   BANK0   BANK1   BANK2   BANK3   BANK4   BANK5
      Params:         0       0       0       0       0       0       0
      Locals:         0       0       0       0       0       0       0
      Temps:          0       0       0       0       0       0       0
      Totals:         0       0       0       0       0       0       0
Total ram usage:        0 bytes
 Hardware stack levels used:    1
 Hardware stack levels required when called:    3
 This function calls:
		_OpenTimer0
 This function is called by:
		_main
 This function uses a non-reentrant model


 *************** function _OpenTimer0 *****************
 Defined at:
		line 18 in file "C:\Program Files\Microchip\xc8\v1.33\sources\pic18\plib\Timers\t0open.c"
 Parameters:    Size  Location     Type
  config          1    wreg     unsigned char 
 Auto vars:     Size  Location     Type
  config          1   14[COMRAM] unsigned char 
 Return value:  Size  Location     Type
		None               void
 Registers used:
		wreg, status,2, status,0
 Tracked objects:
		On entry : 
		On exit  : 
		Unchanged: 
 Data sizes:     COMRAM   BANK0   BANK1   BANK2   BANK3   BANK4   BANK5
      Params:         0       0       0       0       0       0       0
      Locals:         1       0       0       0       0       0       0
      Temps:          0       0       0       0       0       0       0
      Totals:         1       0       0       0       0       0       0
Total ram usage:        1 bytes
 Hardware stack levels used:    1
 Hardware stack levels required when called:    2
 This function calls:
		Nothing
 This function is called by:
		_initClock
 This function uses a non-reentrant model


 *************** function _init7Segment *****************
 Defined at:
		line 36 in file "../src/PIC18/SevenSeg.c"
 Parameters:    Size  Location     Type
  _7seg           2   14[COMRAM] PTR struct .
		 -> main@_7SegData(7), 
 Auto vars:     Size  Location     Type
		None
 Return value:  Size  Location     Type
		None               void
 Registers used:
		wreg, fsr2l, fsr2h, status,2, status,0
 Tracked objects:
		On entry : 
		On exit  : 
		Unchanged: 
 Data sizes:     COMRAM   BANK0   BANK1   BANK2   BANK3   BANK4   BANK5
      Params:         2       0       0       0       0       0       0
      Locals:         0       0       0       0       0       0       0
      Temps:          0       0       0       0       0       0       0
      Totals:         2       0       0       0       0       0       0
Total ram usage:        2 bytes
 Hardware stack levels used:    1
 Hardware stack levels required when called:    2
 This function calls:
		Nothing
 This function is called by:
		_main
 This function uses a non-reentrant model


 *************** function _configureLED *****************
 Defined at:
		line 20 in file "../src/PIC18/Blinky.c"
 Parameters:    Size  Location     Type
		None
 Auto vars:     Size  Location     Type
		None
 Return value:  Size  Location     Type
		None               void
 Registers used:
		None
 Tracked objects:
		On entry : 
		On exit  : 
		Unchanged: 
 Data sizes:     COMRAM   BANK0   BANK1   BANK2   BANK3   BANK4   BANK5
      Params:         0       0       0       0       0       0       0
      Locals:         0       0       0       0       0       0       0
      Temps:          0       0       0       0       0       0       0
      Totals:         0       0       0       0       0       0       0
Total ram usage:        0 bytes
 Hardware stack levels used:    1
 Hardware stack levels required when called:    2
 This function calls:
		Nothing
 This function is called by:
		_main
		_ledSM
 This function uses a non-reentrant model


 *************** function _closeModule *****************
 Defined at:
		line 7 in file "../src/PIC18/Main.c"
 Parameters:    Size  Location     Type
		None
 Auto vars:     Size  Location     Type
		None
 Return value:  Size  Location     Type
		None               void
 Registers used:
		wreg, status,2, status,0
 Tracked objects:
		On entry : 
		On exit  : 
		Unchanged: 
 Data sizes:     COMRAM   BANK0   BANK1   BANK2   BANK3   BANK4   BANK5
      Params:         0       0       0       0       0       0       0
      Locals:         0       0       0       0       0       0       0
      Temps:          0       0       0       0       0       0       0
      Totals:         0       0       0       0       0       0       0
Total ram usage:        0 bytes
 Hardware stack levels used:    1
 Hardware stack levels required when called:    2
 This function calls:
		Nothing
 This function is called by:
		_main
 This function uses a non-reentrant model


 *************** function __7SegmentSM *****************
 Defined at:
		line 48 in file "../src/PIC18/SevenSeg.c"
 Parameters:    Size  Location     Type
  _7seg           2   18[COMRAM] PTR struct .
		 -> main@_7SegData(7), 
 Auto vars:     Size  Location     Type
		None
 Return value:  Size  Location     Type
		None               void
 Registers used:
		wreg, fsr2l, fsr2h, status,2, status,0, prodl, prodh, cstack
 Tracked objects:
		On entry : 
		On exit  : 
		Unchanged: 
 Data sizes:     COMRAM   BANK0   BANK1   BANK2   BANK3   BANK4   BANK5
      Params:         2       0       0       0       0       0       0
      Locals:         0       0       0       0       0       0       0
      Temps:         12       0       0       0       0       0       0
      Totals:        14       0       0       0       0       0       0
Total ram usage:       14 bytes
 Hardware stack levels used:    1
 Hardware stack levels required when called:    4
 This function calls:
		_getCLOCK
		_init7SegmentHW
		_write7Segment
 This function is called by:
		_main
 This function uses a non-reentrant model


 *************** function _write7Segment *****************
 Defined at:
		line 32 in file "../src/PIC18/SevenSeg.c"
 Parameters:    Size  Location     Type
  data            1    wreg     unsigned char 
 Auto vars:     Size  Location     Type
  data            1   16[COMRAM] unsigned char 
 Return value:  Size  Location     Type
		None               void
 Registers used:
		wreg, fsr2l, fsr2h, status,2, status,0, prodl, prodh, cstack
 Tracked objects:
		On entry : 
		On exit  : 
		Unchanged: 
 Data sizes:     COMRAM   BANK0   BANK1   BANK2   BANK3   BANK4   BANK5
      Params:         0       0       0       0       0       0       0
      Locals:         1       0       0       0       0       0       0
      Temps:          0       0       0       0       0       0       0
      Totals:         1       0       0       0       0       0       0
Total ram usage:        1 bytes
 Hardware stack levels used:    1
 Hardware stack levels required when called:    3
 This function calls:
		_WriteSPI
 This function is called by:
		__7SegmentSM
 This function uses a non-reentrant model


 *************** function _WriteSPI *****************
 Defined at:
		line 13 in file "C:\Program Files\Microchip\xc8\v1.33\sources\pic18\plib\SPI\spi_writ.c"
 Parameters:    Size  Location     Type
  data_out        1    wreg     unsigned char 
 Auto vars:     Size  Location     Type
  data_out        1   15[COMRAM] unsigned char 
  TempVar         1   14[COMRAM] unsigned char 
 Return value:  Size  Location     Type
                  1    wreg      char 
 Registers used:
		wreg
 Tracked objects:
		On entry : 
		On exit  : 
		Unchanged: 
 Data sizes:     COMRAM   BANK0   BANK1   BANK2   BANK3   BANK4   BANK5
      Params:         0       0       0       0       0       0       0
      Locals:         2       0       0       0       0       0       0
      Temps:          0       0       0       0       0       0       0
      Totals:         2       0       0       0       0       0       0
Total ram usage:        2 bytes
 Hardware stack levels used:    1
 Hardware stack levels required when called:    2
 This function calls:
		Nothing
 This function is called by:
		_write7Segment
 This function uses a non-reentrant model


 *************** function _init7SegmentHW *****************
 Defined at:
		line 42 in file "../src/PIC18/SevenSeg.c"
 Parameters:    Size  Location     Type
		None
 Auto vars:     Size  Location     Type
		None
 Return value:  Size  Location     Type
		None               void
 Registers used:
		wreg, status,2, status,0, cstack
 Tracked objects:
		On entry : 
		On exit  : 
		Unchanged: 
 Data sizes:     COMRAM   BANK0   BANK1   BANK2   BANK3   BANK4   BANK5
      Params:         0       0       0       0       0       0       0
      Locals:         0       0       0       0       0       0       0
      Temps:          0       0       0       0       0       0       0
      Totals:         0       0       0       0       0       0       0
Total ram usage:        0 bytes
 Hardware stack levels used:    1
 Hardware stack levels required when called:    3
 This function calls:
		_OpenSPI
 This function is called by:
		__7SegmentSM
 This function uses a non-reentrant model


 *************** function _OpenSPI *****************
 Defined at:
		line 14 in file "C:\Program Files\Microchip\xc8\v1.33\sources\pic18\plib\SPI\spi_open.c"
 Parameters:    Size  Location     Type
  sync_mode       1    wreg     unsigned char 
  bus_mode        1   14[COMRAM] unsigned char 
  smp_phase       1   15[COMRAM] unsigned char 
 Auto vars:     Size  Location     Type
  sync_mode       1   16[COMRAM] unsigned char 
 Return value:  Size  Location     Type
		None               void
 Registers used:
		wreg, status,2, status,0
 Tracked objects:
		On entry : 
		On exit  : 
		Unchanged: 
 Data sizes:     COMRAM   BANK0   BANK1   BANK2   BANK3   BANK4   BANK5
      Params:         2       0       0       0       0       0       0
      Locals:         1       0       0       0       0       0       0
      Temps:          0       0       0       0       0       0       0
      Totals:         3       0       0       0       0       0       0
Total ram usage:        3 bytes
 Hardware stack levels used:    1
 Hardware stack levels required when called:    2
 This function calls:
		Nothing
 This function is called by:
		_init7SegmentHW
 This function uses a non-reentrant model


 *************** function _getCLOCK *****************
 Defined at:
		line 45 in file "../src/PIC18/Clock.c"
 Parameters:    Size  Location     Type
		None
 Auto vars:     Size  Location     Type
		None
 Return value:  Size  Location     Type
                  4   14[COMRAM] unsigned long 
 Registers used:
		None
 Tracked objects:
		On entry : 
		On exit  : 
		Unchanged: 
 Data sizes:     COMRAM   BANK0   BANK1   BANK2   BANK3   BANK4   BANK5
      Params:         4       0       0       0       0       0       0
      Locals:         0       0       0       0       0       0       0
      Temps:          0       0       0       0       0       0       0
      Totals:         4       0       0       0       0       0       0
Total ram usage:        4 bytes
 Hardware stack levels used:    1
 Hardware stack levels required when called:    2
 This function calls:
		Nothing
 This function is called by:
		__7SegmentSM
		_led2SM
		_ledSM
 This function uses a non-reentrant model


 *************** function _OpenUSART *****************
 Defined at:
		line 73 in file "C:\Program Files\Microchip\xc8\v1.33\sources\pic18\plib\USART\uopen.c"
 Parameters:    Size  Location     Type
  config          1    wreg     unsigned char 
  spbrg           2   14[COMRAM] unsigned int 
 Auto vars:     Size  Location     Type
  config          1   19[COMRAM] unsigned char 
 Return value:  Size  Location     Type
		None               void
 Registers used:
		wreg, status,2
 Tracked objects:
		On entry : 
		On exit  : 
		Unchanged: 
 Data sizes:     COMRAM   BANK0   BANK1   BANK2   BANK3   BANK4   BANK5
      Params:         2       0       0       0       0       0       0
      Locals:         1       0       0       0       0       0       0
      Temps:          3       0       0       0       0       0       0
      Totals:         6       0       0       0       0       0       0
Total ram usage:        6 bytes
 Hardware stack levels used:    1
 Hardware stack levels required when called:    2
 This function calls:
		Nothing
 This function is called by:
		_main
 This function uses a non-reentrant model


 *************** function _timer0Isr *****************
 Defined at:
		line 10 in file "../src/PIC18/Clock.c"
 Parameters:    Size  Location     Type
		None
 Auto vars:     Size  Location     Type
		None
 Return value:  Size  Location     Type
		None               void
 Registers used:
		wreg, status,2, status,0, cstack
 Tracked objects:
		On entry : 
		On exit  : 
		Unchanged: 
 Data sizes:     COMRAM   BANK0   BANK1   BANK2   BANK3   BANK4   BANK5
      Params:         0       0       0       0       0       0       0
      Locals:         0       0       0       0       0       0       0
      Temps:         14       0       0       0       0       0       0
      Totals:        14       0       0       0       0       0       0
Total ram usage:       14 bytes
 Hardware stack levels used:    1
 Hardware stack levels required when called:    1
 This function calls:
		_clearTimer0Overflowed
 This function is called by:
		Interrupt level 2
 This function uses a non-reentrant model


 *************** function _clearTimer0Overflowed *****************
 Defined at:
		line 60 in file "../src/PIC18/Clock.c"
 Parameters:    Size  Location     Type
		None
 Auto vars:     Size  Location     Type
		None
 Return value:  Size  Location     Type
		None               void
 Registers used:
		None
 Tracked objects:
		On entry : 
		On exit  : 
		Unchanged: 
 Data sizes:     COMRAM   BANK0   BANK1   BANK2   BANK3   BANK4   BANK5
      Params:         0       0       0       0       0       0       0
      Locals:         0       0       0       0       0       0       0
      Temps:          0       0       0       0       0       0       0
      Totals:         0       0       0       0       0       0       0
Total ram usage:        0 bytes
 Hardware stack levels used:    1
 This function calls:
		Nothing
 This function is called by:
		_timer0Isr
 This function uses a non-reentrant model



MODULE INFORMATION

Module		Function		Class		Link	Load	Size
../src/PIC18/Blinky.c
		_configureLED  		CODE           	0642	0000	4
		_onLED         		CODE           	063A	0000	4
		_offLED        		CODE           	063E	0000	4

../src/PIC18/Blinky.c estimated size: 12

../src/PIC18/Main.c
		_main          		CODE           	03B2	0000	98
		_closeModule   		CODE           	062C	0000	14

../src/PIC18/Main.c estimated size: 112

../src/PIC18/Led2.c
		_led2SM        		CODE           	018C	0000	316

../src/PIC18/Led2.c estimated size: 316

../src/PIC18/UsartLoopback.c
		_initUsartLoopb		CODE           	057A	0000	30
		_usartLoopbackS		CODE           	0414	0000	98

../src/PIC18/UsartLoopback.c estimated size: 128

../src/PIC18/SevenSeg.c
		__7SegmentSM   		CODE           	001C	0000	368
		_init7Segment  		CODE           	0506	0000	54
		_init7SegmentHW		CODE           	05E4	0000	20
		_write7Segment 		CODE           	05B2	0000	26

../src/PIC18/SevenSeg.c estimated size: 468

C:\Program Files\Microchip\xc8\v1.33\sources\pic18\plib\USART\uopen.c
		_OpenUSART     		CODE           	034A	0000	104

C:\Program Files\Microchip\xc8\v1.33\sources\pic18\plib\USART\uopen.c estimated size: 104

shared
		__initializatio		CODE           	04D0	0000	44

shared estimated size: 44

C:\Program Files\Microchip\xc8\v1.33\sources\pic18\plib\USART\uwrite.c
		_WriteUSART    		CODE           	05F8	0000	18

C:\Program Files\Microchip\xc8\v1.33\sources\pic18\plib\USART\uwrite.c estimated size: 18

C:\Program Files\Microchip\xc8\v1.33\sources\pic18\plib\Timers\t0open.c
		_OpenTimer0    		CODE           	053C	0000	32

C:\Program Files\Microchip\xc8\v1.33\sources\pic18\plib\Timers\t0open.c estimated size: 32

C:\Program Files\Microchip\xc8\v1.33\sources\pic18\plib\SPI\spi_writ.c
		_WriteSPI      		CODE           	05CC	0000	24

C:\Program Files\Microchip\xc8\v1.33\sources\pic18\plib\SPI\spi_writ.c estimated size: 24

C:\Program Files\Microchip\xc8\v1.33\sources\pic18\plib\USART\uread.c
		_ReadUSART     		CODE           	055C	0000	30

C:\Program Files\Microchip\xc8\v1.33\sources\pic18\plib\USART\uread.c estimated size: 30

../src/PIC18/Clock.c
		_initClock     		CODE           	0598	0000	26
		_timer0Isr     		CODE           	0008	0000	834
		_getCLOCK      		CODE           	060A	0000	18
		_clearTimer0Ove		CODE           	0646	0000	4

../src/PIC18/Clock.c estimated size: 882

C:\Program Files\Microchip\xc8\v1.33\sources\pic18\plib\SPI\spi_open.c
		_OpenSPI       		CODE           	0476	0000	90

C:\Program Files\Microchip\xc8\v1.33\sources\pic18\plib\SPI\spi_open.c estimated size: 90

